
> smarthire-frontend@0.1.0 build
> vite build

[36mvite v5.4.21 [32mbuilding for production...[36m[39m
transforming...
[32mÔ£ô[39m 1733 modules transformed.
rendering chunks...
computing gzip size...
[2mdist/[22m[32mindex.html                 [39m[1m[2m  0.68 kB[22m[1m[22m[2m Ôöé gzip:  0.42 kB[22m
[2mdist/[22m[35massets/index-BFzCogxB.css  [39m[1m[2m138.79 kB[22m[1m[22m[2m Ôöé gzip: 20.78 kB[22m
[2mdist/[22m[36massets/index-C-yfgFvt.js   [39m[1m[2m276.58 kB[22m[1m[22m[2m Ôöé gzip: 83.50 kB[22m
[32mÔ£ô built in 6.31s[39m
